
Allocating common symbols
Common symbol       size              file

gpioregs            0x4               ./object/interrupt.o
FrameBufferInfo     0x28              ./object/gpu.o

Memory Configuration

Name             Origin             Length             Attributes
sys              0x00008000         0x00100000
usr              0x01000000         0x00100000
*default*        0x00000000         0xffffffff

Linker script and memory map

                0x00002000                STACK_SIZE = 0x2000

.text.init      0x00008000       0x40
 *(.text.init)
 .text.init     0x00008000       0x40 C:\Users\Lenovo\AppData\Local\Temp\cc4pInFT.o
                0x00008000                _start
                0x00008040                _start_end

.text           0x00008040      0xa3c
                0x00008040                . = ALIGN (0x4)
 *(.text)
 .text          0x00008040       0x98 ./object/font.o
                0x00008040                GetDefaultFontData
 .text          0x000080d8      0x218 ./object/gpu.o
                0x000080d8                gpu_Init_GPU
                0x000081a0                gpu_SendMail
                0x0000823c                gpu_RecMail
 .text          0x000082f0      0x144 ./object/interrupt.o
                0x000082f0                _undef
                0x000082fc                _swi
                0x00008308                _prefa
                0x00008314                _dataa
                0x00008320                _unused
                0x0000832c                _irq
                0x00008428                _fiq
 .text          0x00008434      0x100 ./object/main.o
                0x00008434                os_main
 .text          0x00008534       0xb4 ./object/mem_init.o
                0x00008534                get_mem_size
                0x000085a8                memory_init
 .text          0x000085e8       0x6c ./object/start.o
                0x000085e8                _cstartup
 .text          0x00008654       0x4c ./object/timer.o
                0x00008654                ARM_timer_init
 .text          0x000086a0      0x2d4 ./object/uart.o
                0x000086a0                notmain
                0x000087d8                uart_putc
                0x00008824                uart_printstr
                0x00008884                uart_init
 .text          0x00008974      0x108 C:\Users\Lenovo\AppData\Local\Temp\ccxjwrd0.o
                0x000089a4                gpio_fsel
                0x000089e4                gpio_set
                0x00008a14                i2c_init
                0x00008a4c                i2c_wait
                0x00008a60                i2c_set_slave
 .text          0x00008a7c        0x0 C:\Users\Lenovo\AppData\Local\Temp\cc4pInFT.o

.glue_7         0x00008a7c        0x0
 .glue_7        0x00000000        0x0 linker stubs

.glue_7t        0x00008a7c        0x0
 .glue_7t       0x00000000        0x0 linker stubs

.vfp11_veneer   0x00008a7c        0x0
 .vfp11_veneer  0x00000000        0x0 linker stubs

.v4_bx          0x00008a7c        0x0
 .v4_bx         0x00000000        0x0 linker stubs

.iplt           0x00008a7c        0x0
 .iplt          0x00000000        0x0 ./object/font.o

.init           0x00008a7c       0x84
 .init          0x00008a7c       0x84 C:\Users\Lenovo\AppData\Local\Temp\cc4pInFT.o
                0x00008ab4                reboot
                0x00008ab8                halt
                0x00008abc                dummy
                0x00008ac0                try_lock
                0x00008ad0                GET32
                0x00008ad8                PUT32
                0x00008ae0                _enable_interrupts
                0x00008af0                _disable_interrupts

.text.usb       0x00008b00        0x0
                0x00008b00                . = ALIGN (0x4)
 *.c.o(.text)

.data           0x00008b00       0x1c
 *(.data)
 .data          0x00008b00        0x0 ./object/font.o
 .data          0x00008b00        0x0 ./object/gpu.o
 .data          0x00008b00        0xc ./object/interrupt.o
 .data          0x00008b0c        0x8 ./object/main.o
 .data          0x00008b14        0x0 ./object/mem_init.o
 .data          0x00008b14        0x0 ./object/start.o
 .data          0x00008b14        0x8 ./object/timer.o
 .data          0x00008b1c        0x0 ./object/uart.o
 .data          0x00008b1c        0x0 C:\Users\Lenovo\AppData\Local\Temp\ccxjwrd0.o
 .data          0x00008b1c        0x0 C:\Users\Lenovo\AppData\Local\Temp\cc4pInFT.o

.igot.plt       0x00008b1c        0x0
 .igot.plt      0x00000000        0x0 ./object/font.o

.rodata         0x00008b1c     0x1856
                0x00008b1c                . = ALIGN (0x4)
 *(.rodata)
 .rodata        0x00008b1c     0x1848 ./object/font.o
 .rodata        0x0000a364        0xe C:\Users\Lenovo\AppData\Local\Temp\cc4pInFT.o
                0x0000a372                __bss_start = .
                0x0000a372                __bss_start__ = .

.rel.dyn        0x0000a374        0x0
 .rel.iplt      0x00000000        0x0 ./object/font.o

.bss            0x0000a374       0x34
 *(.bss .bss.*)
 .bss           0x0000a374        0x0 ./object/font.o
 .bss           0x0000a374        0x0 ./object/gpu.o
 .bss           0x0000a374        0x1 ./object/interrupt.o
 .bss           0x0000a375        0x0 ./object/main.o
 *fill*         0x0000a375        0x3 
 .bss           0x0000a378        0x4 ./object/mem_init.o
 .bss           0x0000a37c        0x0 ./object/start.o
 .bss           0x0000a37c        0x0 ./object/timer.o
 .bss           0x0000a37c        0x0 ./object/uart.o
 .bss           0x0000a37c        0x0 C:\Users\Lenovo\AppData\Local\Temp\ccxjwrd0.o
 .bss           0x0000a37c        0x0 C:\Users\Lenovo\AppData\Local\Temp\cc4pInFT.o
                0x0000a37c                . = ALIGN ((. != 0x0)?0x4:0x1)
 COMMON         0x0000a37c       0x28 ./object/gpu.o
                0x0000a37c                FrameBufferInfo
 COMMON         0x0000a3a4        0x4 ./object/interrupt.o
                0x0000a3a4                gpioregs
                0x0000a3a8                _bss_end__ = .
                0x0000a3a8                __bss_end__ = .
                0x0000a3a8                . = ALIGN (0x4)
                0x0000a3a8                _edata = .
                0x0000a3a8                PROVIDE (edata, .)
                0x0000a3c0                _KERNEL_HEAP = ALIGN (0x40)
LOAD ./object/font.o
LOAD ./object/gpu.o
LOAD ./object/interrupt.o
LOAD ./object/main.o
LOAD ./object/mem_init.o
LOAD ./object/start.o
LOAD ./object/timer.o
LOAD ./object/uart.o
LOAD C:\Users\Lenovo\AppData\Local\Temp\ccxjwrd0.o
LOAD C:\Users\Lenovo\AppData\Local\Temp\cc4pInFT.o
START GROUP
LOAD g:/arm/bin/../lib/gcc/arm-none-eabi/4.8.4/fpu\libgcc.a
LOAD g:/arm/bin/../lib/gcc/arm-none-eabi/4.8.4/../../../../arm-none-eabi/lib/fpu\libg.a
LOAD g:/arm/bin/../lib/gcc/arm-none-eabi/4.8.4/../../../../arm-none-eabi/lib/fpu\libc.a
END GROUP
OUTPUT(kernel.elf elf32-littlearm)

.debug_info     0x00000000      0xf49
 .debug_info    0x00000000      0x10a ./object/font.o
 .debug_info    0x0000010a      0x210 ./object/gpu.o
 .debug_info    0x0000031a      0x272 ./object/interrupt.o
 .debug_info    0x0000058c      0x237 ./object/main.o
 .debug_info    0x000007c3      0x241 ./object/mem_init.o
 .debug_info    0x00000a04       0xdf ./object/start.o
 .debug_info    0x00000ae3      0x1d6 ./object/timer.o
 .debug_info    0x00000cb9      0x218 ./object/uart.o
 .debug_info    0x00000ed1       0x3d C:\Users\Lenovo\AppData\Local\Temp\ccxjwrd0.o
 .debug_info    0x00000f0e       0x3b C:\Users\Lenovo\AppData\Local\Temp\cc4pInFT.o

.debug_abbrev   0x00000000      0x6bc
 .debug_abbrev  0x00000000       0x7e ./object/font.o
 .debug_abbrev  0x0000007e       0xdb ./object/gpu.o
 .debug_abbrev  0x00000159       0xd1 ./object/interrupt.o
 .debug_abbrev  0x0000022a       0xfe ./object/main.o
 .debug_abbrev  0x00000328      0x142 ./object/mem_init.o
 .debug_abbrev  0x0000046a       0xa7 ./object/start.o
 .debug_abbrev  0x00000511       0xbc ./object/timer.o
 .debug_abbrev  0x000005cd       0xc9 ./object/uart.o
 .debug_abbrev  0x00000696       0x14 C:\Users\Lenovo\AppData\Local\Temp\ccxjwrd0.o
 .debug_abbrev  0x000006aa       0x12 C:\Users\Lenovo\AppData\Local\Temp\cc4pInFT.o

.debug_aranges  0x00000000      0x148
 .debug_aranges
                0x00000000       0x20 ./object/font.o
 .debug_aranges
                0x00000020       0x20 ./object/gpu.o
 .debug_aranges
                0x00000040       0x20 ./object/interrupt.o
 .debug_aranges
                0x00000060       0x20 ./object/main.o
 .debug_aranges
                0x00000080       0x20 ./object/mem_init.o
 .debug_aranges
                0x000000a0       0x20 ./object/start.o
 .debug_aranges
                0x000000c0       0x20 ./object/timer.o
 .debug_aranges
                0x000000e0       0x20 ./object/uart.o
 .debug_aranges
                0x00000100       0x20 C:\Users\Lenovo\AppData\Local\Temp\ccxjwrd0.o
 .debug_aranges
                0x00000120       0x28 C:\Users\Lenovo\AppData\Local\Temp\cc4pInFT.o

.debug_line     0x00000000      0x4e7
 .debug_line    0x00000000       0x5c ./object/font.o
 .debug_line    0x0000005c       0x93 ./object/gpu.o
 .debug_line    0x000000ef       0xa0 ./object/interrupt.o
 .debug_line    0x0000018f       0x80 ./object/main.o
 .debug_line    0x0000020f       0x76 ./object/mem_init.o
 .debug_line    0x00000285       0x61 ./object/start.o
 .debug_line    0x000002e6       0x62 ./object/timer.o
 .debug_line    0x00000348       0xa9 ./object/uart.o
 .debug_line    0x000003f1       0x83 C:\Users\Lenovo\AppData\Local\Temp\ccxjwrd0.o
 .debug_line    0x00000474       0x73 C:\Users\Lenovo\AppData\Local\Temp\cc4pInFT.o

.debug_str      0x00000000      0x671
 .debug_str     0x00000000      0x11e ./object/font.o
                                0x14f (size before relaxing)
 .debug_str     0x0000011e      0x120 ./object/gpu.o
                                0x1cc (size before relaxing)
 .debug_str     0x0000023e      0x17e ./object/interrupt.o
                                0x283 (size before relaxing)
 .debug_str     0x000003bc       0x34 ./object/main.o
                                0x26e (size before relaxing)
 .debug_str     0x000003f0       0xe3 ./object/mem_init.o
                                0x212 (size before relaxing)
 .debug_str     0x000004d3       0x38 ./object/start.o
                                0x13a (size before relaxing)
 .debug_str     0x0000050b       0x1f ./object/timer.o
                                0x25f (size before relaxing)
 .debug_str     0x0000052a      0x147 ./object/uart.o
                                0x248 (size before relaxing)

.comment        0x00000000       0x70
 .comment       0x00000000       0x70 ./object/font.o
                                 0x71 (size before relaxing)
 .comment       0x00000000       0x71 ./object/gpu.o
 .comment       0x00000000       0x71 ./object/interrupt.o
 .comment       0x00000000       0x71 ./object/main.o
 .comment       0x00000000       0x71 ./object/mem_init.o
 .comment       0x00000000       0x71 ./object/start.o
 .comment       0x00000000       0x71 ./object/timer.o
 .comment       0x00000000       0x71 ./object/uart.o

.ARM.attributes
                0x00000000       0x33
 .ARM.attributes
                0x00000000       0x35 ./object/font.o
 .ARM.attributes
                0x00000035       0x35 ./object/gpu.o
 .ARM.attributes
                0x0000006a       0x35 ./object/interrupt.o
 .ARM.attributes
                0x0000009f       0x35 ./object/main.o
 .ARM.attributes
                0x000000d4       0x35 ./object/mem_init.o
 .ARM.attributes
                0x00000109       0x35 ./object/start.o
 .ARM.attributes
                0x0000013e       0x35 ./object/timer.o
 .ARM.attributes
                0x00000173       0x35 ./object/uart.o
 .ARM.attributes
                0x000001a8       0x1f C:\Users\Lenovo\AppData\Local\Temp\ccxjwrd0.o
 .ARM.attributes
                0x000001c7       0x1f C:\Users\Lenovo\AppData\Local\Temp\cc4pInFT.o

.debug_frame    0x00000000      0x27c
 .debug_frame   0x00000000       0x28 ./object/font.o
 .debug_frame   0x00000028       0x5c ./object/gpu.o
 .debug_frame   0x00000084       0xb0 ./object/interrupt.o
 .debug_frame   0x00000134       0x2c ./object/main.o
 .debug_frame   0x00000160       0x44 ./object/mem_init.o
 .debug_frame   0x000001a4       0x2c ./object/start.o
 .debug_frame   0x000001d0       0x2c ./object/timer.o
 .debug_frame   0x000001fc       0x80 ./object/uart.o

.debug_ranges   0x00000000       0x20
 .debug_ranges  0x00000000       0x20 C:\Users\Lenovo\AppData\Local\Temp\cc4pInFT.o
