
Allocating common symbols
Common symbol       size              file

gpioregs            0x4               ./object/main.o
FrameBufferInfo     0x28              ./object/gpu.o

Memory Configuration

Name             Origin             Length             Attributes
sys              0x00008000         0x00100000
usr              0x01000000         0x00100000
*default*        0x00000000         0xffffffff

Linker script and memory map

                0x00002000                STACK_SIZE = 0x2000

.text.init      0x00008000       0x40
 *(.text.init)
 .text.init     0x00008000       0x40 C:\Users\Lenovo\AppData\Local\Temp\ccmjY6o7.o
                0x00008000                _start
                0x00008040                _start_end

.text           0x00008040      0x984
                0x00008040                . = ALIGN (0x4)
 *(.text)
 .text          0x00008040      0x218 ./object/gpu.o
                0x00008040                gpu_Init_GPU
                0x00008108                gpu_SendMail
                0x000081a4                gpu_RecMail
 .text          0x00008258       0x3c ./object/i2c.o
                0x00008258                somenop
 .text          0x00008294       0x54 ./object/interrupt.o
                0x00008294                _undef
                0x000082a0                _swi
                0x000082ac                _prefa
                0x000082b8                _dataa
                0x000082c4                _unused
                0x000082d0                _irq
                0x000082dc                _fiq
 .text          0x000082e8      0x148 ./object/main.o
                0x000082e8                RPI_WaitMicroSeconds
                0x0000833c                os_main
 .text          0x00008430       0xb4 ./object/mem_init.o
                0x00008430                get_mem_size
                0x000084a4                memory_init
 .text          0x000084e4       0x98 ./object/print.o
                0x000084e4                GetDefaultFontData
 .text          0x0000857c       0x6c ./object/start.o
                0x0000857c                _cstartup
 .text          0x000085e8      0x2d4 ./object/uart.o
                0x000085e8                notmain
                0x00008720                uart_putc
                0x0000876c                uart_printstr
                0x000087cc                uart_init
 .text          0x000088bc      0x108 C:\Users\Lenovo\AppData\Local\Temp\cct33pvE.o
                0x000088ec                gpio_fsel
                0x0000892c                gpio_set
                0x0000895c                i2c_init
                0x00008994                i2c_wait
                0x000089a8                i2c_set_slave
 .text          0x000089c4        0x0 C:\Users\Lenovo\AppData\Local\Temp\ccmjY6o7.o

.glue_7         0x000089c4        0x0
 .glue_7        0x00000000        0x0 linker stubs

.glue_7t        0x000089c4        0x0
 .glue_7t       0x00000000        0x0 linker stubs

.vfp11_veneer   0x000089c4        0x0
 .vfp11_veneer  0x00000000        0x0 linker stubs

.v4_bx          0x000089c4        0x0
 .v4_bx         0x00000000        0x0 linker stubs

.iplt           0x000089c4        0x0
 .iplt          0x00000000        0x0 ./object/gpu.o

.init           0x000089c4       0x80
 .init          0x000089c4       0x80 C:\Users\Lenovo\AppData\Local\Temp\ccmjY6o7.o
                0x00008a08                reboot
                0x00008a0c                halt
                0x00008a10                dummy
                0x00008a14                GET32
                0x00008a1c                PUT32
                0x00008a24                _enable_interrupts
                0x00008a34                _disable_interrupts

.text.usb       0x00008a44        0x0
                0x00008a44                . = ALIGN (0x4)
 *.c.o(.text)

.data           0x00008a44        0x4
 *(.data)
 .data          0x00008a44        0x0 ./object/gpu.o
 .data          0x00008a44        0x0 ./object/i2c.o
 .data          0x00008a44        0x0 ./object/interrupt.o
 .data          0x00008a44        0x4 ./object/main.o
 .data          0x00008a48        0x0 ./object/mem_init.o
 .data          0x00008a48        0x0 ./object/print.o
 .data          0x00008a48        0x0 ./object/start.o
 .data          0x00008a48        0x0 ./object/uart.o
 .data          0x00008a48        0x0 C:\Users\Lenovo\AppData\Local\Temp\cct33pvE.o
 .data          0x00008a48        0x0 C:\Users\Lenovo\AppData\Local\Temp\ccmjY6o7.o

.igot.plt       0x00008a48        0x0
 .igot.plt      0x00000000        0x0 ./object/gpu.o

.rodata         0x00008a48     0x1856
                0x00008a48                . = ALIGN (0x4)
 *(.rodata)
 .rodata        0x00008a48     0x1848 ./object/print.o
 .rodata        0x0000a290        0xe C:\Users\Lenovo\AppData\Local\Temp\ccmjY6o7.o
                0x0000a29e                __bss_start = .
                0x0000a29e                __bss_start__ = .

.rel.dyn        0x0000a2a0        0x0
 .rel.iplt      0x00000000        0x0 ./object/gpu.o

.bss            0x0000a2a0       0x30
 *(.bss .bss.*)
 .bss           0x0000a2a0        0x0 ./object/gpu.o
 .bss           0x0000a2a0        0x0 ./object/i2c.o
 .bss           0x0000a2a0        0x0 ./object/interrupt.o
 .bss           0x0000a2a0        0x0 ./object/main.o
 .bss           0x0000a2a0        0x4 ./object/mem_init.o
 .bss           0x0000a2a4        0x0 ./object/print.o
 .bss           0x0000a2a4        0x0 ./object/start.o
 .bss           0x0000a2a4        0x0 ./object/uart.o
 .bss           0x0000a2a4        0x0 C:\Users\Lenovo\AppData\Local\Temp\cct33pvE.o
 .bss           0x0000a2a4        0x0 C:\Users\Lenovo\AppData\Local\Temp\ccmjY6o7.o
                0x0000a2a4                . = ALIGN ((. != 0x0)?0x4:0x1)
 COMMON         0x0000a2a4       0x28 ./object/gpu.o
                0x0000a2a4                FrameBufferInfo
 COMMON         0x0000a2cc        0x4 ./object/main.o
                0x0000a2cc                gpioregs
                0x0000a2d0                _bss_end__ = .
                0x0000a2d0                __bss_end__ = .
                0x0000a2d0                . = ALIGN (0x4)
                0x0000a2d0                _edata = .
                0x0000a2d0                PROVIDE (edata, .)
                0x0000a300                _KERNEL_HEAP = ALIGN (0x40)
LOAD ./object/gpu.o
LOAD ./object/i2c.o
LOAD ./object/interrupt.o
LOAD ./object/main.o
LOAD ./object/mem_init.o
LOAD ./object/print.o
LOAD ./object/start.o
LOAD ./object/uart.o
LOAD C:\Users\Lenovo\AppData\Local\Temp\cct33pvE.o
LOAD C:\Users\Lenovo\AppData\Local\Temp\ccmjY6o7.o
START GROUP
LOAD g:/arm/bin/../lib/gcc/arm-none-eabi/4.8.4/fpu\libgcc.a
LOAD g:/arm/bin/../lib/gcc/arm-none-eabi/4.8.4/../../../../arm-none-eabi/lib/fpu\libg.a
LOAD g:/arm/bin/../lib/gcc/arm-none-eabi/4.8.4/../../../../arm-none-eabi/lib/fpu\libc.a
END GROUP
OUTPUT(kernel.elf elf32-littlearm)

.debug_info     0x00000000      0xb52
 .debug_info    0x00000000      0x210 ./object/gpu.o
 .debug_info    0x00000210       0x4f ./object/i2c.o
 .debug_info    0x0000025f       0xa4 ./object/interrupt.o
 .debug_info    0x00000303      0x195 ./object/main.o
 .debug_info    0x00000498      0x241 ./object/mem_init.o
 .debug_info    0x000006d9      0x10a ./object/print.o
 .debug_info    0x000007e3       0xdf ./object/start.o
 .debug_info    0x000008c2      0x218 ./object/uart.o
 .debug_info    0x00000ada       0x3d C:\Users\Lenovo\AppData\Local\Temp\cct33pvE.o
 .debug_info    0x00000b17       0x3b C:\Users\Lenovo\AppData\Local\Temp\ccmjY6o7.o

.debug_abbrev   0x00000000      0x5b7
 .debug_abbrev  0x00000000       0xdb ./object/gpu.o
 .debug_abbrev  0x000000db       0x46 ./object/i2c.o
 .debug_abbrev  0x00000121       0x37 ./object/interrupt.o
 .debug_abbrev  0x00000158      0x109 ./object/main.o
 .debug_abbrev  0x00000261      0x142 ./object/mem_init.o
 .debug_abbrev  0x000003a3       0x7e ./object/print.o
 .debug_abbrev  0x00000421       0xa7 ./object/start.o
 .debug_abbrev  0x000004c8       0xc9 ./object/uart.o
 .debug_abbrev  0x00000591       0x14 C:\Users\Lenovo\AppData\Local\Temp\cct33pvE.o
 .debug_abbrev  0x000005a5       0x12 C:\Users\Lenovo\AppData\Local\Temp\ccmjY6o7.o

.debug_aranges  0x00000000      0x148
 .debug_aranges
                0x00000000       0x20 ./object/gpu.o
 .debug_aranges
                0x00000020       0x20 ./object/i2c.o
 .debug_aranges
                0x00000040       0x20 ./object/interrupt.o
 .debug_aranges
                0x00000060       0x20 ./object/main.o
 .debug_aranges
                0x00000080       0x20 ./object/mem_init.o
 .debug_aranges
                0x000000a0       0x20 ./object/print.o
 .debug_aranges
                0x000000c0       0x20 ./object/start.o
 .debug_aranges
                0x000000e0       0x20 ./object/uart.o
 .debug_aranges
                0x00000100       0x20 C:\Users\Lenovo\AppData\Local\Temp\cct33pvE.o
 .debug_aranges
                0x00000120       0x28 C:\Users\Lenovo\AppData\Local\Temp\ccmjY6o7.o

.debug_line     0x00000000      0x483
 .debug_line    0x00000000       0x93 ./object/gpu.o
 .debug_line    0x00000093       0x40 ./object/i2c.o
 .debug_line    0x000000d3       0x68 ./object/interrupt.o
 .debug_line    0x0000013b       0x76 ./object/main.o
 .debug_line    0x000001b1       0x76 ./object/mem_init.o
 .debug_line    0x00000227       0x5d ./object/print.o
 .debug_line    0x00000284       0x61 ./object/start.o
 .debug_line    0x000002e5       0xa9 ./object/uart.o
 .debug_line    0x0000038e       0x83 C:\Users\Lenovo\AppData\Local\Temp\cct33pvE.o
 .debug_line    0x00000411       0x72 C:\Users\Lenovo\AppData\Local\Temp\ccmjY6o7.o

.debug_str      0x00000000      0x59a
 .debug_str     0x00000000      0x1b3 ./object/gpu.o
                                0x1cc (size before relaxing)
 .debug_str     0x000001b3       0x12 ./object/i2c.o
                                 0xa5 (size before relaxing)
 .debug_str     0x000001c5       0x3c ./object/interrupt.o
                                 0xdc (size before relaxing)
 .debug_str     0x00000201       0xab ./object/main.o
                                0x1a7 (size before relaxing)
 .debug_str     0x000002ac       0xec ./object/mem_init.o
                                0x212 (size before relaxing)
 .debug_str     0x00000398       0x83 ./object/print.o
                                0x150 (size before relaxing)
 .debug_str     0x0000041b       0x38 ./object/start.o
                                0x13a (size before relaxing)
 .debug_str     0x00000453      0x147 ./object/uart.o
                                0x248 (size before relaxing)

.comment        0x00000000       0x70
 .comment       0x00000000       0x70 ./object/gpu.o
                                 0x71 (size before relaxing)
 .comment       0x00000000       0x71 ./object/i2c.o
 .comment       0x00000000       0x71 ./object/interrupt.o
 .comment       0x00000000       0x71 ./object/main.o
 .comment       0x00000000       0x71 ./object/mem_init.o
 .comment       0x00000000       0x71 ./object/print.o
 .comment       0x00000000       0x71 ./object/start.o
 .comment       0x00000000       0x71 ./object/uart.o

.ARM.attributes
                0x00000000       0x33
 .ARM.attributes
                0x00000000       0x35 ./object/gpu.o
 .ARM.attributes
                0x00000035       0x35 ./object/i2c.o
 .ARM.attributes
                0x0000006a       0x35 ./object/interrupt.o
 .ARM.attributes
                0x0000009f       0x35 ./object/main.o
 .ARM.attributes
                0x000000d4       0x35 ./object/mem_init.o
 .ARM.attributes
                0x00000109       0x35 ./object/print.o
 .ARM.attributes
                0x0000013e       0x35 ./object/start.o
 .ARM.attributes
                0x00000173       0x35 ./object/uart.o
 .ARM.attributes
                0x000001a8       0x1f C:\Users\Lenovo\AppData\Local\Temp\cct33pvE.o
 .ARM.attributes
                0x000001c7       0x1f C:\Users\Lenovo\AppData\Local\Temp\ccmjY6o7.o

.debug_frame    0x00000000      0x298
 .debug_frame   0x00000000       0x5c ./object/gpu.o
 .debug_frame   0x0000005c       0x28 ./object/i2c.o
 .debug_frame   0x00000084       0xb8 ./object/interrupt.o
 .debug_frame   0x0000013c       0x44 ./object/main.o
 .debug_frame   0x00000180       0x44 ./object/mem_init.o
 .debug_frame   0x000001c4       0x28 ./object/print.o
 .debug_frame   0x000001ec       0x2c ./object/start.o
 .debug_frame   0x00000218       0x80 ./object/uart.o

.debug_ranges   0x00000000       0x20
 .debug_ranges  0x00000000       0x20 C:\Users\Lenovo\AppData\Local\Temp\ccmjY6o7.o
