
Allocating common symbols
Common symbol       size              file

gpioregs            0x4               ./object/main.o
FrameBufferInfo     0x28              ./object/gpu.o

Memory Configuration

Name             Origin             Length             Attributes
sys              0x00008000         0x00100000
usr              0x01000000         0x00100000
*default*        0x00000000         0xffffffff

Linker script and memory map

                0x00002000                STACK_SIZE = 0x2000

.text.init      0x00008000       0x40
 *(.text.init)
 .text.init     0x00008000       0x40 C:\Users\Lenovo\AppData\Local\Temp\cci9MbES.o
                0x00008000                _start
                0x00008040                _start_end

.text           0x00008040      0x9a0
                0x00008040                . = ALIGN (0x4)
 *(.text)
 .text          0x00008040       0x98 ./object/font.o
                0x00008040                GetDefaultFontData
 .text          0x000080d8      0x218 ./object/gpu.o
                0x000080d8                gpu_Init_GPU
                0x000081a0                gpu_SendMail
                0x0000823c                gpu_RecMail
 .text          0x000082f0       0x90 ./object/interrupt.o
                0x000082f0                _undef
                0x000082fc                _swi
                0x00008308                _prefa
                0x00008314                _dataa
                0x00008320                _unused
                0x0000832c                _irq
                0x00008350                _fiq
                0x0000835c                RPI_GetIrqController
 .text          0x00008380      0x164 ./object/main.o
                0x00008380                RPI_WaitMicroSeconds
                0x000083d4                os_main
 .text          0x000084e4       0xb4 ./object/mem_init.o
                0x000084e4                get_mem_size
                0x00008558                memory_init
 .text          0x00008598       0x6c ./object/start.o
                0x00008598                _cstartup
 .text          0x00008604      0x2d4 ./object/uart.o
                0x00008604                notmain
                0x0000873c                uart_putc
                0x00008788                uart_printstr
                0x000087e8                uart_init
 .text          0x000088d8      0x108 C:\Users\Lenovo\AppData\Local\Temp\ccX1q1kx.o
                0x00008908                gpio_fsel
                0x00008948                gpio_set
                0x00008978                i2c_init
                0x000089b0                i2c_wait
                0x000089c4                i2c_set_slave
 .text          0x000089e0        0x0 C:\Users\Lenovo\AppData\Local\Temp\cci9MbES.o

.glue_7         0x000089e0        0x0
 .glue_7        0x00000000        0x0 linker stubs

.glue_7t        0x000089e0        0x0
 .glue_7t       0x00000000        0x0 linker stubs

.vfp11_veneer   0x000089e0        0x0
 .vfp11_veneer  0x00000000        0x0 linker stubs

.v4_bx          0x000089e0        0x0
 .v4_bx         0x00000000        0x0 linker stubs

.iplt           0x000089e0        0x0
 .iplt          0x00000000        0x0 ./object/font.o

.init           0x000089e0       0x80
 .init          0x000089e0       0x80 C:\Users\Lenovo\AppData\Local\Temp\cci9MbES.o
                0x00008a24                reboot
                0x00008a28                halt
                0x00008a2c                dummy
                0x00008a30                GET32
                0x00008a38                PUT32
                0x00008a40                _enable_interrupts
                0x00008a50                _disable_interrupts

.text.usb       0x00008a60        0x0
                0x00008a60                . = ALIGN (0x4)
 *.c.o(.text)

.data           0x00008a60        0x8
 *(.data)
 .data          0x00008a60        0x0 ./object/font.o
 .data          0x00008a60        0x0 ./object/gpu.o
 .data          0x00008a60        0x4 ./object/interrupt.o
 .data          0x00008a64        0x4 ./object/main.o
 .data          0x00008a68        0x0 ./object/mem_init.o
 .data          0x00008a68        0x0 ./object/start.o
 .data          0x00008a68        0x0 ./object/uart.o
 .data          0x00008a68        0x0 C:\Users\Lenovo\AppData\Local\Temp\ccX1q1kx.o
 .data          0x00008a68        0x0 C:\Users\Lenovo\AppData\Local\Temp\cci9MbES.o

.igot.plt       0x00008a68        0x0
 .igot.plt      0x00000000        0x0 ./object/font.o

.rodata         0x00008a68     0x1856
                0x00008a68                . = ALIGN (0x4)
 *(.rodata)
 .rodata        0x00008a68     0x1848 ./object/font.o
 .rodata        0x0000a2b0        0xe C:\Users\Lenovo\AppData\Local\Temp\cci9MbES.o
                0x0000a2be                __bss_start = .
                0x0000a2be                __bss_start__ = .

.rel.dyn        0x0000a2c0        0x0
 .rel.iplt      0x00000000        0x0 ./object/font.o

.bss            0x0000a2c0       0x30
 *(.bss .bss.*)
 .bss           0x0000a2c0        0x0 ./object/font.o
 .bss           0x0000a2c0        0x0 ./object/gpu.o
 .bss           0x0000a2c0        0x0 ./object/interrupt.o
 .bss           0x0000a2c0        0x0 ./object/main.o
 .bss           0x0000a2c0        0x4 ./object/mem_init.o
 .bss           0x0000a2c4        0x0 ./object/start.o
 .bss           0x0000a2c4        0x0 ./object/uart.o
 .bss           0x0000a2c4        0x0 C:\Users\Lenovo\AppData\Local\Temp\ccX1q1kx.o
 .bss           0x0000a2c4        0x0 C:\Users\Lenovo\AppData\Local\Temp\cci9MbES.o
                0x0000a2c4                . = ALIGN ((. != 0x0)?0x4:0x1)
 COMMON         0x0000a2c4       0x28 ./object/gpu.o
                0x0000a2c4                FrameBufferInfo
 COMMON         0x0000a2ec        0x4 ./object/main.o
                0x0000a2ec                gpioregs
                0x0000a2f0                _bss_end__ = .
                0x0000a2f0                __bss_end__ = .
                0x0000a2f0                . = ALIGN (0x4)
                0x0000a2f0                _edata = .
                0x0000a2f0                PROVIDE (edata, .)
                0x0000a300                _KERNEL_HEAP = ALIGN (0x40)
LOAD ./object/font.o
LOAD ./object/gpu.o
LOAD ./object/interrupt.o
LOAD ./object/main.o
LOAD ./object/mem_init.o
LOAD ./object/start.o
LOAD ./object/uart.o
LOAD C:\Users\Lenovo\AppData\Local\Temp\ccX1q1kx.o
LOAD C:\Users\Lenovo\AppData\Local\Temp\cci9MbES.o
START GROUP
LOAD g:/arm/bin/../lib/gcc/arm-none-eabi/4.8.4/fpu\libgcc.a
LOAD g:/arm/bin/../lib/gcc/arm-none-eabi/4.8.4/../../../../arm-none-eabi/lib/fpu\libg.a
LOAD g:/arm/bin/../lib/gcc/arm-none-eabi/4.8.4/../../../../arm-none-eabi/lib/fpu\libc.a
END GROUP
OUTPUT(kernel.elf elf32-littlearm)

.debug_info     0x00000000      0xbce
 .debug_info    0x00000000      0x10a ./object/font.o
 .debug_info    0x0000010a      0x210 ./object/gpu.o
 .debug_info    0x0000031a      0x161 ./object/interrupt.o
 .debug_info    0x0000047b      0x1a3 ./object/main.o
 .debug_info    0x0000061e      0x241 ./object/mem_init.o
 .debug_info    0x0000085f       0xdf ./object/start.o
 .debug_info    0x0000093e      0x218 ./object/uart.o
 .debug_info    0x00000b56       0x3d C:\Users\Lenovo\AppData\Local\Temp\ccX1q1kx.o
 .debug_info    0x00000b93       0x3b C:\Users\Lenovo\AppData\Local\Temp\cci9MbES.o

.debug_abbrev   0x00000000      0x5d3
 .debug_abbrev  0x00000000       0x7e ./object/font.o
 .debug_abbrev  0x0000007e       0xdb ./object/gpu.o
 .debug_abbrev  0x00000159       0x99 ./object/interrupt.o
 .debug_abbrev  0x000001f2      0x109 ./object/main.o
 .debug_abbrev  0x000002fb      0x142 ./object/mem_init.o
 .debug_abbrev  0x0000043d       0xa7 ./object/start.o
 .debug_abbrev  0x000004e4       0xc9 ./object/uart.o
 .debug_abbrev  0x000005ad       0x14 C:\Users\Lenovo\AppData\Local\Temp\ccX1q1kx.o
 .debug_abbrev  0x000005c1       0x12 C:\Users\Lenovo\AppData\Local\Temp\cci9MbES.o

.debug_aranges  0x00000000      0x128
 .debug_aranges
                0x00000000       0x20 ./object/font.o
 .debug_aranges
                0x00000020       0x20 ./object/gpu.o
 .debug_aranges
                0x00000040       0x20 ./object/interrupt.o
 .debug_aranges
                0x00000060       0x20 ./object/main.o
 .debug_aranges
                0x00000080       0x20 ./object/mem_init.o
 .debug_aranges
                0x000000a0       0x20 ./object/start.o
 .debug_aranges
                0x000000c0       0x20 ./object/uart.o
 .debug_aranges
                0x000000e0       0x20 C:\Users\Lenovo\AppData\Local\Temp\ccX1q1kx.o
 .debug_aranges
                0x00000100       0x28 C:\Users\Lenovo\AppData\Local\Temp\cci9MbES.o

.debug_line     0x00000000      0x463
 .debug_line    0x00000000       0x5c ./object/font.o
 .debug_line    0x0000005c       0x93 ./object/gpu.o
 .debug_line    0x000000ef       0x86 ./object/interrupt.o
 .debug_line    0x00000175       0x79 ./object/main.o
 .debug_line    0x000001ee       0x76 ./object/mem_init.o
 .debug_line    0x00000264       0x61 ./object/start.o
 .debug_line    0x000002c5       0xa9 ./object/uart.o
 .debug_line    0x0000036e       0x83 C:\Users\Lenovo\AppData\Local\Temp\ccX1q1kx.o
 .debug_line    0x000003f1       0x72 C:\Users\Lenovo\AppData\Local\Temp\cci9MbES.o

.debug_str      0x00000000      0x65c
 .debug_str     0x00000000      0x11e ./object/font.o
                                0x14f (size before relaxing)
 .debug_str     0x0000011e      0x120 ./object/gpu.o
                                0x1cc (size before relaxing)
 .debug_str     0x0000023e      0x10c ./object/interrupt.o
                                0x1ac (size before relaxing)
 .debug_str     0x0000034a       0xb0 ./object/main.o
                                0x1ac (size before relaxing)
 .debug_str     0x000003fa       0xe3 ./object/mem_init.o
                                0x212 (size before relaxing)
 .debug_str     0x000004dd       0x38 ./object/start.o
                                0x13a (size before relaxing)
 .debug_str     0x00000515      0x147 ./object/uart.o
                                0x248 (size before relaxing)

.comment        0x00000000       0x70
 .comment       0x00000000       0x70 ./object/font.o
                                 0x71 (size before relaxing)
 .comment       0x00000000       0x71 ./object/gpu.o
 .comment       0x00000000       0x71 ./object/interrupt.o
 .comment       0x00000000       0x71 ./object/main.o
 .comment       0x00000000       0x71 ./object/mem_init.o
 .comment       0x00000000       0x71 ./object/start.o
 .comment       0x00000000       0x71 ./object/uart.o

.ARM.attributes
                0x00000000       0x33
 .ARM.attributes
                0x00000000       0x35 ./object/font.o
 .ARM.attributes
                0x00000035       0x35 ./object/gpu.o
 .ARM.attributes
                0x0000006a       0x35 ./object/interrupt.o
 .ARM.attributes
                0x0000009f       0x35 ./object/main.o
 .ARM.attributes
                0x000000d4       0x35 ./object/mem_init.o
 .ARM.attributes
                0x00000109       0x35 ./object/start.o
 .ARM.attributes
                0x0000013e       0x35 ./object/uart.o
 .ARM.attributes
                0x00000173       0x1f C:\Users\Lenovo\AppData\Local\Temp\ccX1q1kx.o
 .ARM.attributes
                0x00000192       0x1f C:\Users\Lenovo\AppData\Local\Temp\cci9MbES.o

.debug_frame    0x00000000      0x288
 .debug_frame   0x00000000       0x28 ./object/font.o
 .debug_frame   0x00000028       0x5c ./object/gpu.o
 .debug_frame   0x00000084       0xd0 ./object/interrupt.o
 .debug_frame   0x00000154       0x44 ./object/main.o
 .debug_frame   0x00000198       0x44 ./object/mem_init.o
 .debug_frame   0x000001dc       0x2c ./object/start.o
 .debug_frame   0x00000208       0x80 ./object/uart.o

.debug_ranges   0x00000000       0x20
 .debug_ranges  0x00000000       0x20 C:\Users\Lenovo\AppData\Local\Temp\cci9MbES.o
