
Allocating common symbols
Common symbol       size              file

GpuBufAddr          0x4               ./object/gpu.o
FrameBufferInfo     0x28              ./object/gpu.o
GpuInfoAddr         0x4               ./object/gpu.o

Memory Configuration

Name             Origin             Length             Attributes
sys              0x00008000         0x00100000
usr              0x01000000         0x00100000
*default*        0x00000000         0xffffffff

Linker script and memory map

                0x00002000                STACK_SIZE = 0x2000

.text.init      0x00008000       0x40
 *(.text.init)
 .text.init     0x00008000       0x40 C:\Users\Lenovo\AppData\Local\Temp\ccdfCHak.o
                0x00008000                _start
                0x00008040                _start_end

.text           0x00008040      0xe2c
                0x00008040                . = ALIGN (0x4)
 *(.text)
 .text          0x00008040       0x98 ./object/font.o
                0x00008040                GetDefaultFontData
 .text          0x000080d8      0x29c ./object/gpio.o
                0x000080d8                gpio_mode
                0x000082a4                gpio_set
 .text          0x00008374      0x284 ./object/gpu.o
                0x00008374                gpu_Init
                0x0000843c                gpu_SendMail
                0x000084d8                gpu_RecMail
                0x0000858c                screen_Init
 .text          0x000085f8        0x0 ./object/i2c.o
 .text          0x000085f8      0x128 ./object/interrupt.o
                0x000085f8                _undef
                0x00008604                _swi
                0x00008610                _prefa
                0x0000861c                _dataa
                0x00008628                _unused
                0x00008634                _irq
                0x00008714                _fiq
 .text          0x00008720       0xac ./object/main.o
                0x00008720                os_main
 .text          0x000087cc      0x120 ./object/mem_init.o
                0x000087cc                get_mem_size
                0x00008840                memory_init
                0x000088bc                test
 .text          0x000088ec       0x94 ./object/random.o
                0x000088ec                rand_init
                0x0000895c                rand_get
 .text          0x00008980       0x6c ./object/start.o
                0x00008980                _cstartup
 .text          0x000089ec      0x158 ./object/stdlib.o
                0x000089ec                memset
                0x00008a50                bzero
                0x00008a7c                memcpy
                0x00008af0                strlen
 .text          0x00008b44       0x4c ./object/timer.o
                0x00008b44                ARM_timer_init
 .text          0x00008b90      0x2dc ./object/uart.o
                0x00008b90                notmain
                0x00008ccc                uart_putc
                0x00008d18                uart_printstr
                0x00008d78                uart_init
 .text          0x00008e6c        0x0 C:\Users\Lenovo\AppData\Local\Temp\ccdfCHak.o

.glue_7         0x00008e6c        0x0
 .glue_7        0x00000000        0x0 linker stubs

.glue_7t        0x00008e6c        0x0
 .glue_7t       0x00000000        0x0 linker stubs

.vfp11_veneer   0x00008e6c        0x0
 .vfp11_veneer  0x00000000        0x0 linker stubs

.v4_bx          0x00008e6c        0x0
 .v4_bx         0x00000000        0x0 linker stubs

.iplt           0x00008e6c        0x0
 .iplt          0x00000000        0x0 ./object/font.o

.init           0x00008e6c       0xa4
 .init          0x00008e6c       0xa4 C:\Users\Lenovo\AppData\Local\Temp\ccdfCHak.o
                0x00008ea4                reboot
                0x00008ea8                halt
                0x00008eac                dummy
                0x00008eb0                try_lock
                0x00008ec0                GET32
                0x00008ec8                PUT32
                0x00008ed0                enable_cache
                0x00008eec                _enable_interrupts
                0x00008efc                _disable_interrupts

.text.usb       0x00008f10        0x0
                0x00008f10                . = ALIGN (0x4)
 *.c.o(.text)

.data           0x00008f10       0x1c
 *(.data)
 .data          0x00008f10        0x0 ./object/font.o
 .data          0x00008f10        0x0 ./object/gpio.o
 .data          0x00008f10        0x0 ./object/gpu.o
 .data          0x00008f10        0x0 ./object/i2c.o
 .data          0x00008f10        0xc ./object/interrupt.o
 .data          0x00008f1c        0x8 ./object/main.o
 .data          0x00008f24        0x0 ./object/mem_init.o
 .data          0x00008f24        0x0 ./object/random.o
 .data          0x00008f24        0x0 ./object/start.o
 .data          0x00008f24        0x0 ./object/stdlib.o
 .data          0x00008f24        0x8 ./object/timer.o
 .data          0x00008f2c        0x0 ./object/uart.o
 .data          0x00008f2c        0x0 C:\Users\Lenovo\AppData\Local\Temp\ccdfCHak.o

.igot.plt       0x00008f2c        0x0
 .igot.plt      0x00000000        0x0 ./object/font.o

.rodata         0x00008f2c     0x1856
                0x00008f2c                . = ALIGN (0x4)
 *(.rodata)
 .rodata        0x00008f2c     0x1848 ./object/font.o
 .rodata        0x0000a774        0xe C:\Users\Lenovo\AppData\Local\Temp\ccdfCHak.o
                0x0000a782                __bss_start = .
                0x0000a782                __bss_start__ = .

.rel.dyn        0x0000a784        0x0
 .rel.iplt      0x00000000        0x0 ./object/font.o

.bss            0x0000a784       0x3c
 *(.bss .bss.*)
 .bss           0x0000a784        0x0 ./object/font.o
 .bss           0x0000a784        0x0 ./object/gpio.o
 .bss           0x0000a784        0x0 ./object/gpu.o
 .bss           0x0000a784        0x0 ./object/i2c.o
 .bss           0x0000a784        0x1 ./object/interrupt.o
 .bss           0x0000a785        0x0 ./object/main.o
 *fill*         0x0000a785        0x3 
 .bss           0x0000a788        0x8 ./object/mem_init.o
 .bss           0x0000a790        0x0 ./object/random.o
 .bss           0x0000a790        0x0 ./object/start.o
 .bss           0x0000a790        0x0 ./object/stdlib.o
 .bss           0x0000a790        0x0 ./object/timer.o
 .bss           0x0000a790        0x0 ./object/uart.o
 .bss           0x0000a790        0x0 C:\Users\Lenovo\AppData\Local\Temp\ccdfCHak.o
                0x0000a790                . = ALIGN ((. != 0x0)?0x4:0x1)
 COMMON         0x0000a790       0x30 ./object/gpu.o
                0x0000a790                GpuBufAddr
                0x0000a794                FrameBufferInfo
                0x0000a7bc                GpuInfoAddr
                0x0000a7c0                _bss_end__ = .
                0x0000a7c0                __bss_end__ = .
                0x0000a7c0                . = ALIGN (0x4)
                0x0000a7c0                _edata = .
                0x0000a7c0                PROVIDE (edata, .)
                0x0000a7c0                _KERNEL_HEAP = ALIGN (0x40)
LOAD ./object/font.o
LOAD ./object/gpio.o
LOAD ./object/gpu.o
LOAD ./object/i2c.o
LOAD ./object/interrupt.o
LOAD ./object/main.o
LOAD ./object/mem_init.o
LOAD ./object/random.o
LOAD ./object/start.o
LOAD ./object/stdlib.o
LOAD ./object/timer.o
LOAD ./object/uart.o
LOAD C:\Users\Lenovo\AppData\Local\Temp\ccdfCHak.o
START GROUP
LOAD g:/arm/bin/../lib/gcc/arm-none-eabi/4.8.4/fpu\libgcc.a
LOAD g:/arm/bin/../lib/gcc/arm-none-eabi/4.8.4/../../../../arm-none-eabi/lib/fpu\libg.a
LOAD g:/arm/bin/../lib/gcc/arm-none-eabi/4.8.4/../../../../arm-none-eabi/lib/fpu\libc.a
END GROUP
OUTPUT(kernel.elf elf32-littlearm)

.debug_info     0x00000000     0x15d9
 .debug_info    0x00000000      0x10a ./object/font.o
 .debug_info    0x0000010a       0xf0 ./object/gpio.o
 .debug_info    0x000001fa      0x29e ./object/gpu.o
 .debug_info    0x00000498       0x56 ./object/i2c.o
 .debug_info    0x000004ee      0x28d ./object/interrupt.o
 .debug_info    0x0000077b      0x2ca ./object/main.o
 .debug_info    0x00000a45      0x41c ./object/mem_init.o
 .debug_info    0x00000e61       0x53 ./object/random.o
 .debug_info    0x00000eb4       0xdf ./object/start.o
 .debug_info    0x00000f93      0x1b5 ./object/stdlib.o
 .debug_info    0x00001148      0x1d6 ./object/timer.o
 .debug_info    0x0000131e      0x280 ./object/uart.o
 .debug_info    0x0000159e       0x3b C:\Users\Lenovo\AppData\Local\Temp\ccdfCHak.o

.debug_abbrev   0x00000000      0x987
 .debug_abbrev  0x00000000       0x7e ./object/font.o
 .debug_abbrev  0x0000007e       0xa6 ./object/gpio.o
 .debug_abbrev  0x00000124      0x100 ./object/gpu.o
 .debug_abbrev  0x00000224       0x26 ./object/i2c.o
 .debug_abbrev  0x0000024a       0xea ./object/interrupt.o
 .debug_abbrev  0x00000334      0x10d ./object/main.o
 .debug_abbrev  0x00000441      0x1ac ./object/mem_init.o
 .debug_abbrev  0x000005ed       0x4d ./object/random.o
 .debug_abbrev  0x0000063a       0xa7 ./object/start.o
 .debug_abbrev  0x000006e1       0xdd ./object/stdlib.o
 .debug_abbrev  0x000007be       0xbc ./object/timer.o
 .debug_abbrev  0x0000087a       0xfb ./object/uart.o
 .debug_abbrev  0x00000975       0x12 C:\Users\Lenovo\AppData\Local\Temp\ccdfCHak.o

.debug_aranges  0x00000000      0x1a0
 .debug_aranges
                0x00000000       0x20 ./object/font.o
 .debug_aranges
                0x00000020       0x20 ./object/gpio.o
 .debug_aranges
                0x00000040       0x20 ./object/gpu.o
 .debug_aranges
                0x00000060       0x18 ./object/i2c.o
 .debug_aranges
                0x00000078       0x20 ./object/interrupt.o
 .debug_aranges
                0x00000098       0x20 ./object/main.o
 .debug_aranges
                0x000000b8       0x20 ./object/mem_init.o
 .debug_aranges
                0x000000d8       0x20 ./object/random.o
 .debug_aranges
                0x000000f8       0x20 ./object/start.o
 .debug_aranges
                0x00000118       0x20 ./object/stdlib.o
 .debug_aranges
                0x00000138       0x20 ./object/timer.o
 .debug_aranges
                0x00000158       0x20 ./object/uart.o
 .debug_aranges
                0x00000178       0x28 C:\Users\Lenovo\AppData\Local\Temp\ccdfCHak.o

.debug_line     0x00000000      0x60c
 .debug_line    0x00000000       0x5c ./object/font.o
 .debug_line    0x0000005c       0x9e ./object/gpio.o
 .debug_line    0x000000fa       0x9e ./object/gpu.o
 .debug_line    0x00000198       0x1d ./object/i2c.o
 .debug_line    0x000001b5       0xa1 ./object/interrupt.o
 .debug_line    0x00000256       0x89 ./object/main.o
 .debug_line    0x000002df       0x81 ./object/mem_init.o
 .debug_line    0x00000360       0x50 ./object/random.o
 .debug_line    0x000003b0       0x61 ./object/start.o
 .debug_line    0x00000411       0x75 ./object/stdlib.o
 .debug_line    0x00000486       0x62 ./object/timer.o
 .debug_line    0x000004e8       0xa7 ./object/uart.o
 .debug_line    0x0000058f       0x7d C:\Users\Lenovo\AppData\Local\Temp\ccdfCHak.o

.debug_str      0x00000000      0x874
 .debug_str     0x00000000      0x11e ./object/font.o
                                0x14f (size before relaxing)
 .debug_str     0x0000011e       0x7c ./object/gpio.o
                                0x12d (size before relaxing)
 .debug_str     0x0000019a      0x10e ./object/gpu.o
                                0x213 (size before relaxing)
 .debug_str     0x000002a8        0xa ./object/i2c.o
                                0x106 (size before relaxing)
 .debug_str     0x000002b2      0x175 ./object/interrupt.o
                                0x283 (size before relaxing)
 .debug_str     0x00000427       0x41 ./object/main.o
                                0x2e0 (size before relaxing)
 .debug_str     0x00000468      0x20e ./object/mem_init.o
                                0x34d (size before relaxing)
 .debug_str     0x00000676       0x20 ./object/random.o
                                 0xb3 (size before relaxing)
 .debug_str     0x00000696       0x38 ./object/start.o
                                0x13a (size before relaxing)
 .debug_str     0x000006ce       0x34 ./object/stdlib.o
                                0x13b (size before relaxing)
 .debug_str     0x00000702       0x1f ./object/timer.o
                                0x25f (size before relaxing)
 .debug_str     0x00000721      0x153 ./object/uart.o
                                0x254 (size before relaxing)

.comment        0x00000000       0x70
 .comment       0x00000000       0x70 ./object/font.o
                                 0x71 (size before relaxing)
 .comment       0x00000000       0x71 ./object/gpio.o
 .comment       0x00000000       0x71 ./object/gpu.o
 .comment       0x00000000       0x71 ./object/i2c.o
 .comment       0x00000000       0x71 ./object/interrupt.o
 .comment       0x00000000       0x71 ./object/main.o
 .comment       0x00000000       0x71 ./object/mem_init.o
 .comment       0x00000000       0x71 ./object/random.o
 .comment       0x00000000       0x71 ./object/start.o
 .comment       0x00000000       0x71 ./object/stdlib.o
 .comment       0x00000000       0x71 ./object/timer.o
 .comment       0x00000000       0x71 ./object/uart.o

.ARM.attributes
                0x00000000       0x33
 .ARM.attributes
                0x00000000       0x35 ./object/font.o
 .ARM.attributes
                0x00000035       0x35 ./object/gpio.o
 .ARM.attributes
                0x0000006a       0x35 ./object/gpu.o
 .ARM.attributes
                0x0000009f       0x35 ./object/i2c.o
 .ARM.attributes
                0x000000d4       0x35 ./object/interrupt.o
 .ARM.attributes
                0x00000109       0x35 ./object/main.o
 .ARM.attributes
                0x0000013e       0x35 ./object/mem_init.o
 .ARM.attributes
                0x00000173       0x35 ./object/random.o
 .ARM.attributes
                0x000001a8       0x35 ./object/start.o
 .ARM.attributes
                0x000001dd       0x35 ./object/stdlib.o
 .ARM.attributes
                0x00000212       0x35 ./object/timer.o
 .ARM.attributes
                0x00000247       0x35 ./object/uart.o
 .ARM.attributes
                0x0000027c       0x1f C:\Users\Lenovo\AppData\Local\Temp\ccdfCHak.o

.debug_frame    0x00000000      0x3bc
 .debug_frame   0x00000000       0x28 ./object/font.o
 .debug_frame   0x00000028       0x40 ./object/gpio.o
 .debug_frame   0x00000068       0x78 ./object/gpu.o
 .debug_frame   0x000000e0       0xb0 ./object/interrupt.o
 .debug_frame   0x00000190       0x2c ./object/main.o
 .debug_frame   0x000001bc       0x74 ./object/mem_init.o
 .debug_frame   0x00000230       0x40 ./object/random.o
 .debug_frame   0x00000270       0x2c ./object/start.o
 .debug_frame   0x0000029c       0x74 ./object/stdlib.o
 .debug_frame   0x00000310       0x2c ./object/timer.o
 .debug_frame   0x0000033c       0x80 ./object/uart.o

.debug_ranges   0x00000000       0x20
 .debug_ranges  0x00000000       0x20 C:\Users\Lenovo\AppData\Local\Temp\ccdfCHak.o
