
Allocating common symbols
Common symbol       size              file

FrameBufferInfot    0x28              ./object/gpu.o

Memory Configuration

Name             Origin             Length             Attributes
sys              0x00008000         0x00100000
usr              0x01000000         0x00100000
*default*        0x00000000         0xffffffff

Linker script and memory map

                0x00002000                STACK_SIZE = 0x2000

.text.init      0x00008000       0xe4
 *(.text.init)
 .text.init     0x00008000       0x40 C:\Users\Lenovo\AppData\Local\Temp\ccVB6Ssd.o
                0x00008000                _start
                0x00008040                _start_end
 *(.init)
 .init          0x00008040       0xa4 C:\Users\Lenovo\AppData\Local\Temp\ccVB6Ssd.o
                0x00008078                reboot
                0x0000807c                halt
                0x00008080                dummy
                0x00008084                try_lock
                0x00008094                GET32
                0x0000809c                PUT32
                0x000080a4                enable_cache
                0x000080c0                _enable_interrupts
                0x000080d0                _disable_interrupts

.text           0x000080e4     0x14ec
                0x000080e4                . = ALIGN (0x4)
 *(.text)
 .text          0x000080e4      0x270 ./object/font.o
                0x000080f8                write_character
 .text          0x00008354      0x454 ./object/gpio.o
                0x00008364                gpio_mode
                0x00008540                gpio_set
                0x00008620                gpio_get
                0x000086b0                gpio_pull
 .text          0x000087a8      0x31c ./object/gpu.o
                0x000087b8                gpu_Init
                0x000088b0                gpu_SendMail
                0x0000895c                gpu_RecMail
                0x00008a1c                fbPutPixel
 .text          0x00008ac4       0xcc ./object/i2c.o
                0x00008ad4                i2c_init
                0x00008b38                i2c_read
                0x00008b6c                i2c_write
 .text          0x00008b90      0x19c ./object/interrupt.o
                0x00008b9c                _undef
                0x00008bbc                _swi
                0x00008bdc                _prefa
                0x00008bf8                _dataa
                0x00008c14                _unused
                0x00008c30                _irq
                0x00008d1c                _fiq
 .text          0x00008d2c       0xf8 ./object/main.o
                0x00008d38                os_main
 .text          0x00008e24      0x164 ./object/mem_init.o
                0x00008e38                get_mem_size
                0x00008ebc                memory_init
                0x00008f58                test
 .text          0x00008f88       0xac ./object/random.o
                0x00008f98                rand_init
                0x00009014                rand_get
 .text          0x00009034       0x80 ./object/start.o
                0x00009044                _cstartup
 .text          0x000090b4      0x18c ./object/stdlib.o
                0x000090c0                memset
                0x00009130                bzero
                0x0000916c                memcpy
                0x000091ec                strlen
 .text          0x00009240       0x64 ./object/timer.o
                0x00009254                ARM_timer_init
 .text          0x000092a4      0x32c ./object/uart.o
                0x000092b0                notmain
                0x00009400                uart_putc
                0x00009464                uart_printstr
                0x000094d8                uart_init
 .text          0x000095d0        0x0 C:\Users\Lenovo\AppData\Local\Temp\ccVB6Ssd.o

.glue_7         0x000095d0        0x0
 .glue_7        0x00000000        0x0 linker stubs

.glue_7t        0x000095d0        0x0
 .glue_7t       0x00000000        0x0 linker stubs

.vfp11_veneer   0x000095d0        0x0
 .vfp11_veneer  0x00000000        0x0 linker stubs

.v4_bx          0x000095d0        0x0
 .v4_bx         0x00000000        0x0 linker stubs

.iplt           0x000095d0        0x0
 .iplt          0x00000000        0x0 ./object/font.o

.text.usb       0x000095d0        0x0
                0x000095d0                . = ALIGN (0x4)
 *.c.o(.text)

.data           0x000095d0       0x24
 *(.data)
 .data          0x000095d0        0x0 ./object/font.o
 .data          0x000095d0        0x0 ./object/gpio.o
 .data          0x000095d0        0x4 ./object/gpu.o
                0x000095d0                FrameBufferInfo
 .data          0x000095d4        0x4 ./object/i2c.o
 .data          0x000095d8        0xc ./object/interrupt.o
 .data          0x000095e4        0x8 ./object/main.o
 .data          0x000095ec        0x0 ./object/mem_init.o
 .data          0x000095ec        0x0 ./object/random.o
 .data          0x000095ec        0x0 ./object/start.o
 .data          0x000095ec        0x0 ./object/stdlib.o
 .data          0x000095ec        0x8 ./object/timer.o
 .data          0x000095f4        0x0 ./object/uart.o
 .data          0x000095f4        0x0 C:\Users\Lenovo\AppData\Local\Temp\ccVB6Ssd.o

.igot.plt       0x000095f4        0x0
 .igot.plt      0x00000000        0x0 ./object/font.o

.rodata         0x00009600    0xdf2d0
                0x00009600                . = ALIGN (0x4)
 *(.rodata)
 .rodata        0x00009600      0x700 ./object/font.o
                0x00009600                font_A
                0x00009700                font_B
                0x00009800                font_C
                0x00009900                font_D
                0x00009a00                font_E
                0x00009b00                chara_table
 .rodata        0x00009d00     0x3004 ./object/gpu.o
                0x00009d04                bg
 *fill*         0x0000cd04        0xc 
 .rodata        0x0000cd10    0xdbbc0 C:\Users\Lenovo\AppData\Local\Temp\ccVB6Ssd.o
                0x0000cd20                bg_bmp
                0x000e88d0                __bss_start = .
                0x000e88d0                __bss_start__ = .

.rel.dyn        0x000e88d0        0x0
 .rel.iplt      0x00000000        0x0 ./object/font.o

.bss            0x000e88d0       0x38
 *(.bss .bss.*)
 .bss           0x000e88d0        0x0 ./object/font.o
 .bss           0x000e88d0        0x0 ./object/gpio.o
 .bss           0x000e88d0        0x0 ./object/gpu.o
 .bss           0x000e88d0        0x0 ./object/i2c.o
 .bss           0x000e88d0        0x1 ./object/interrupt.o
 .bss           0x000e88d1        0x0 ./object/main.o
 *fill*         0x000e88d1        0x3 
 .bss           0x000e88d4        0x8 ./object/mem_init.o
 .bss           0x000e88dc        0x0 ./object/random.o
 .bss           0x000e88dc        0x0 ./object/start.o
 .bss           0x000e88dc        0x0 ./object/stdlib.o
 .bss           0x000e88dc        0x0 ./object/timer.o
 .bss           0x000e88dc        0x0 ./object/uart.o
 .bss           0x000e88dc        0x0 C:\Users\Lenovo\AppData\Local\Temp\ccVB6Ssd.o
                0x000e88dc                . = ALIGN ((. != 0x0)?0x4:0x1)
 *fill*         0x000e88dc        0x4 
 COMMON         0x000e88e0       0x28 ./object/gpu.o
                0x000e88e0                FrameBufferInfot
                0x000e8908                _bss_end__ = .
                0x000e8908                __bss_end__ = .
                0x000e8908                . = ALIGN (0x4)
                0x000e8908                _edata = .
                0x000e8908                PROVIDE (edata, .)
                0x000e8940                _KERNEL_HEAP = ALIGN (0x40)
LOAD ./object/font.o
LOAD ./object/gpio.o
LOAD ./object/gpu.o
LOAD ./object/i2c.o
LOAD ./object/interrupt.o
LOAD ./object/main.o
LOAD ./object/mem_init.o
LOAD ./object/random.o
LOAD ./object/start.o
LOAD ./object/stdlib.o
LOAD ./object/timer.o
LOAD ./object/uart.o
LOAD C:\Users\Lenovo\AppData\Local\Temp\ccVB6Ssd.o
START GROUP
LOAD g:/arm/bin/../lib/gcc/arm-none-eabi/4.8.4/fpu\libgcc.a
LOAD g:/arm/bin/../lib/gcc/arm-none-eabi/4.8.4/../../../../arm-none-eabi/lib/fpu\libg.a
LOAD g:/arm/bin/../lib/gcc/arm-none-eabi/4.8.4/../../../../arm-none-eabi/lib/fpu\libc.a
END GROUP
OUTPUT(kernel.elf elf32-littlearm)

.debug_info     0x00000000     0x190f
 .debug_info    0x00000000      0x220 ./object/font.o
 .debug_info    0x00000220      0x172 ./object/gpio.o
 .debug_info    0x00000392      0x2fe ./object/gpu.o
 .debug_info    0x00000690      0x1e2 ./object/i2c.o
 .debug_info    0x00000872      0x28d ./object/interrupt.o
 .debug_info    0x00000aff      0x27c ./object/main.o
 .debug_info    0x00000d7b      0x41c ./object/mem_init.o
 .debug_info    0x00001197       0x53 ./object/random.o
 .debug_info    0x000011ea       0xdf ./object/start.o
 .debug_info    0x000012c9      0x1b5 ./object/stdlib.o
 .debug_info    0x0000147e      0x1d6 ./object/timer.o
 .debug_info    0x00001654      0x280 ./object/uart.o
 .debug_info    0x000018d4       0x3b C:\Users\Lenovo\AppData\Local\Temp\ccVB6Ssd.o

.debug_abbrev   0x00000000      0xb20
 .debug_abbrev  0x00000000       0xf0 ./object/font.o
 .debug_abbrev  0x000000f0       0xd1 ./object/gpio.o
 .debug_abbrev  0x000001c1      0x157 ./object/gpu.o
 .debug_abbrev  0x00000318       0xdc ./object/i2c.o
 .debug_abbrev  0x000003f4       0xea ./object/interrupt.o
 .debug_abbrev  0x000004de       0xfc ./object/main.o
 .debug_abbrev  0x000005da      0x1ac ./object/mem_init.o
 .debug_abbrev  0x00000786       0x4d ./object/random.o
 .debug_abbrev  0x000007d3       0xa7 ./object/start.o
 .debug_abbrev  0x0000087a       0xdd ./object/stdlib.o
 .debug_abbrev  0x00000957       0xbc ./object/timer.o
 .debug_abbrev  0x00000a13       0xfb ./object/uart.o
 .debug_abbrev  0x00000b0e       0x12 C:\Users\Lenovo\AppData\Local\Temp\ccVB6Ssd.o

.debug_aranges  0x00000000      0x1a8
 .debug_aranges
                0x00000000       0x20 ./object/font.o
 .debug_aranges
                0x00000020       0x20 ./object/gpio.o
 .debug_aranges
                0x00000040       0x20 ./object/gpu.o
 .debug_aranges
                0x00000060       0x20 ./object/i2c.o
 .debug_aranges
                0x00000080       0x20 ./object/interrupt.o
 .debug_aranges
                0x000000a0       0x20 ./object/main.o
 .debug_aranges
                0x000000c0       0x20 ./object/mem_init.o
 .debug_aranges
                0x000000e0       0x20 ./object/random.o
 .debug_aranges
                0x00000100       0x20 ./object/start.o
 .debug_aranges
                0x00000120       0x20 ./object/stdlib.o
 .debug_aranges
                0x00000140       0x20 ./object/timer.o
 .debug_aranges
                0x00000160       0x20 ./object/uart.o
 .debug_aranges
                0x00000180       0x28 C:\Users\Lenovo\AppData\Local\Temp\ccVB6Ssd.o

.debug_line     0x00000000      0x6ab
 .debug_line    0x00000000       0x86 ./object/font.o
 .debug_line    0x00000086       0xd6 ./object/gpio.o
 .debug_line    0x0000015c       0xaf ./object/gpu.o
 .debug_line    0x0000020b       0x42 ./object/i2c.o
 .debug_line    0x0000024d       0xa1 ./object/interrupt.o
 .debug_line    0x000002ee       0x8f ./object/main.o
 .debug_line    0x0000037d       0x81 ./object/mem_init.o
 .debug_line    0x000003fe       0x50 ./object/random.o
 .debug_line    0x0000044e       0x61 ./object/start.o
 .debug_line    0x000004af       0x75 ./object/stdlib.o
 .debug_line    0x00000524       0x62 ./object/timer.o
 .debug_line    0x00000586       0xa8 ./object/uart.o
 .debug_line    0x0000062e       0x7d C:\Users\Lenovo\AppData\Local\Temp\ccVB6Ssd.o

.debug_str      0x00000000      0x9d9
 .debug_str     0x00000000      0x1b3 ./object/font.o
                                0x1d1 (size before relaxing)
 .debug_str     0x000001b3       0x45 ./object/gpio.o
                                0x15b (size before relaxing)
 .debug_str     0x000001f8       0xbc ./object/gpu.o
                                0x230 (size before relaxing)
 .debug_str     0x000002b4      0x16a ./object/i2c.o
                                0x28d (size before relaxing)
 .debug_str     0x0000041e      0x16e ./object/interrupt.o
                                0x298 (size before relaxing)
 .debug_str     0x0000058c       0x41 ./object/main.o
                                0x2a8 (size before relaxing)
 .debug_str     0x000005cd      0x20e ./object/mem_init.o
                                0x362 (size before relaxing)
 .debug_str     0x000007db       0x20 ./object/random.o
                                 0xc8 (size before relaxing)
 .debug_str     0x000007fb       0x38 ./object/start.o
                                0x14f (size before relaxing)
 .debug_str     0x00000833       0x34 ./object/stdlib.o
                                0x150 (size before relaxing)
 .debug_str     0x00000867       0x1f ./object/timer.o
                                0x274 (size before relaxing)
 .debug_str     0x00000886      0x153 ./object/uart.o
                                0x269 (size before relaxing)

.comment        0x00000000       0x70
 .comment       0x00000000       0x70 ./object/font.o
                                 0x71 (size before relaxing)
 .comment       0x00000000       0x71 ./object/gpio.o
 .comment       0x00000000       0x71 ./object/gpu.o
 .comment       0x00000000       0x71 ./object/i2c.o
 .comment       0x00000000       0x71 ./object/interrupt.o
 .comment       0x00000000       0x71 ./object/main.o
 .comment       0x00000000       0x71 ./object/mem_init.o
 .comment       0x00000000       0x71 ./object/random.o
 .comment       0x00000000       0x71 ./object/start.o
 .comment       0x00000000       0x71 ./object/stdlib.o
 .comment       0x00000000       0x71 ./object/timer.o
 .comment       0x00000000       0x71 ./object/uart.o

.ARM.attributes
                0x00000000       0x33
 .ARM.attributes
                0x00000000       0x35 ./object/font.o
 .ARM.attributes
                0x00000035       0x35 ./object/gpio.o
 .ARM.attributes
                0x0000006a       0x35 ./object/gpu.o
 .ARM.attributes
                0x0000009f       0x35 ./object/i2c.o
 .ARM.attributes
                0x000000d4       0x35 ./object/interrupt.o
 .ARM.attributes
                0x00000109       0x35 ./object/main.o
 .ARM.attributes
                0x0000013e       0x35 ./object/mem_init.o
 .ARM.attributes
                0x00000173       0x35 ./object/random.o
 .ARM.attributes
                0x000001a8       0x35 ./object/start.o
 .ARM.attributes
                0x000001dd       0x35 ./object/stdlib.o
 .ARM.attributes
                0x00000212       0x35 ./object/timer.o
 .ARM.attributes
                0x00000247       0x35 ./object/uart.o
 .ARM.attributes
                0x0000027c       0x1f C:\Users\Lenovo\AppData\Local\Temp\ccVB6Ssd.o

.debug_frame    0x00000000      0x530
 .debug_frame   0x00000000       0x30 ./object/font.o
 .debug_frame   0x00000030       0x90 ./object/gpio.o
 .debug_frame   0x000000c0       0x90 ./object/gpu.o
 .debug_frame   0x00000150       0x70 ./object/i2c.o
 .debug_frame   0x000001c0       0xe0 ./object/interrupt.o
 .debug_frame   0x000002a0       0x30 ./object/main.o
 .debug_frame   0x000002d0       0x90 ./object/mem_init.o
 .debug_frame   0x00000360       0x50 ./object/random.o
 .debug_frame   0x000003b0       0x30 ./object/start.o
 .debug_frame   0x000003e0       0x90 ./object/stdlib.o
 .debug_frame   0x00000470       0x30 ./object/timer.o
 .debug_frame   0x000004a0       0x90 ./object/uart.o

.debug_ranges   0x00000000       0x20
 .debug_ranges  0x00000000       0x20 C:\Users\Lenovo\AppData\Local\Temp\ccVB6Ssd.o
