
Allocating common symbols
Common symbol       size              file

GpuBufAddr          0x4               ./object/gpu.o
FrameBufferInfo     0x4               ./object/gpu.o
GpuInfoAddr         0x4               ./object/gpu.o

Memory Configuration

Name             Origin             Length             Attributes
sys              0x00008000         0x00100000
usr              0x01000000         0x00100000
*default*        0x00000000         0xffffffff

Linker script and memory map

                0x00002000                STACK_SIZE = 0x2000

.text.init      0x00008000       0x40
 *(.text.init)
 .text.init     0x00008000       0x40 C:\Users\Lenovo\AppData\Local\Temp\cc4H1XJN.o
                0x00008000                _start
                0x00008040                _start_end

.text           0x00008040     0x101c
                0x00008040                . = ALIGN (0x4)
 *(.text)
 .text          0x00008040       0x98 ./object/font.o
                0x00008040                GetDefaultFontData
 .text          0x000080d8      0x414 ./object/gpio.o
                0x000080d8                gpio_mode
                0x000082a4                gpio_set
                0x00008374                gpio_get
                0x000083f4                gpio_pull
 .text          0x000084ec      0x2ec ./object/gpu.o
                0x000084ec                gpu_Init
                0x000085cc                gpu_SendMail
                0x00008668                gpu_RecMail
                0x0000870c                drawSquareLoop
 .text          0x000087d8        0x0 ./object/i2c.o
 .text          0x000087d8      0x128 ./object/interrupt.o
                0x000087d8                _undef
                0x000087e4                _swi
                0x000087f0                _prefa
                0x000087fc                _dataa
                0x00008808                _unused
                0x00008814                _irq
                0x000088f4                _fiq
 .text          0x00008900       0xbc ./object/main.o
                0x00008900                os_main
 .text          0x000089bc      0x120 ./object/mem_init.o
                0x000089bc                get_mem_size
                0x00008a30                memory_init
                0x00008aac                test
 .text          0x00008adc       0x94 ./object/random.o
                0x00008adc                rand_init
                0x00008b4c                rand_get
 .text          0x00008b70       0x6c ./object/start.o
                0x00008b70                _cstartup
 .text          0x00008bdc      0x158 ./object/stdlib.o
                0x00008bdc                memset
                0x00008c40                bzero
                0x00008c6c                memcpy
                0x00008ce0                strlen
 .text          0x00008d34       0x4c ./object/timer.o
                0x00008d34                ARM_timer_init
 .text          0x00008d80      0x2dc ./object/uart.o
                0x00008d80                notmain
                0x00008ebc                uart_putc
                0x00008f08                uart_printstr
                0x00008f68                uart_init
 .text          0x0000905c        0x0 C:\Users\Lenovo\AppData\Local\Temp\cc4H1XJN.o

.glue_7         0x0000905c        0x0
 .glue_7        0x00000000        0x0 linker stubs

.glue_7t        0x0000905c        0x0
 .glue_7t       0x00000000        0x0 linker stubs

.vfp11_veneer   0x0000905c        0x0
 .vfp11_veneer  0x00000000        0x0 linker stubs

.v4_bx          0x0000905c        0x0
 .v4_bx         0x00000000        0x0 linker stubs

.iplt           0x0000905c        0x0
 .iplt          0x00000000        0x0 ./object/font.o

.init           0x0000905c       0xa4
 .init          0x0000905c       0xa4 C:\Users\Lenovo\AppData\Local\Temp\cc4H1XJN.o
                0x00009094                reboot
                0x00009098                halt
                0x0000909c                dummy
                0x000090a0                try_lock
                0x000090b0                GET32
                0x000090b8                PUT32
                0x000090c0                enable_cache
                0x000090dc                _enable_interrupts
                0x000090ec                _disable_interrupts

.text.usb       0x00009100        0x0
                0x00009100                . = ALIGN (0x4)
 *.c.o(.text)

.data           0x00009100       0x1c
 *(.data)
 .data          0x00009100        0x0 ./object/font.o
 .data          0x00009100        0x0 ./object/gpio.o
 .data          0x00009100        0x0 ./object/gpu.o
 .data          0x00009100        0x0 ./object/i2c.o
 .data          0x00009100        0xc ./object/interrupt.o
 .data          0x0000910c        0x8 ./object/main.o
 .data          0x00009114        0x0 ./object/mem_init.o
 .data          0x00009114        0x0 ./object/random.o
 .data          0x00009114        0x0 ./object/start.o
 .data          0x00009114        0x0 ./object/stdlib.o
 .data          0x00009114        0x8 ./object/timer.o
 .data          0x0000911c        0x0 ./object/uart.o
 .data          0x0000911c        0x0 C:\Users\Lenovo\AppData\Local\Temp\cc4H1XJN.o

.igot.plt       0x0000911c        0x0
 .igot.plt      0x00000000        0x0 ./object/font.o

.rodata         0x0000911c     0x185a
                0x0000911c                . = ALIGN (0x4)
 *(.rodata)
 .rodata        0x0000911c     0x1848 ./object/font.o
 .rodata        0x0000a964        0x4 ./object/gpu.o
 .rodata        0x0000a968        0xe C:\Users\Lenovo\AppData\Local\Temp\cc4H1XJN.o
                0x0000a976                __bss_start = .
                0x0000a976                __bss_start__ = .

.rel.dyn        0x0000a978        0x0
 .rel.iplt      0x00000000        0x0 ./object/font.o

.bss            0x0000a978       0x18
 *(.bss .bss.*)
 .bss           0x0000a978        0x0 ./object/font.o
 .bss           0x0000a978        0x0 ./object/gpio.o
 .bss           0x0000a978        0x0 ./object/gpu.o
 .bss           0x0000a978        0x0 ./object/i2c.o
 .bss           0x0000a978        0x1 ./object/interrupt.o
 .bss           0x0000a979        0x0 ./object/main.o
 *fill*         0x0000a979        0x3 
 .bss           0x0000a97c        0x8 ./object/mem_init.o
 .bss           0x0000a984        0x0 ./object/random.o
 .bss           0x0000a984        0x0 ./object/start.o
 .bss           0x0000a984        0x0 ./object/stdlib.o
 .bss           0x0000a984        0x0 ./object/timer.o
 .bss           0x0000a984        0x0 ./object/uart.o
 .bss           0x0000a984        0x0 C:\Users\Lenovo\AppData\Local\Temp\cc4H1XJN.o
                0x0000a984                . = ALIGN ((. != 0x0)?0x4:0x1)
 COMMON         0x0000a984        0xc ./object/gpu.o
                0x0000a984                GpuBufAddr
                0x0000a988                FrameBufferInfo
                0x0000a98c                GpuInfoAddr
                0x0000a990                _bss_end__ = .
                0x0000a990                __bss_end__ = .
                0x0000a990                . = ALIGN (0x4)
                0x0000a990                _edata = .
                0x0000a990                PROVIDE (edata, .)
                0x0000a9c0                _KERNEL_HEAP = ALIGN (0x40)
LOAD ./object/font.o
LOAD ./object/gpio.o
LOAD ./object/gpu.o
LOAD ./object/i2c.o
LOAD ./object/interrupt.o
LOAD ./object/main.o
LOAD ./object/mem_init.o
LOAD ./object/random.o
LOAD ./object/start.o
LOAD ./object/stdlib.o
LOAD ./object/timer.o
LOAD ./object/uart.o
LOAD C:\Users\Lenovo\AppData\Local\Temp\cc4H1XJN.o
START GROUP
LOAD g:/arm/bin/../lib/gcc/arm-none-eabi/4.8.4/fpu\libgcc.a
LOAD g:/arm/bin/../lib/gcc/arm-none-eabi/4.8.4/../../../../arm-none-eabi/lib/fpu\libg.a
LOAD g:/arm/bin/../lib/gcc/arm-none-eabi/4.8.4/../../../../arm-none-eabi/lib/fpu\libc.a
END GROUP
OUTPUT(kernel.elf elf32-littlearm)

.debug_info     0x00000000     0x15bc
 .debug_info    0x00000000      0x10a ./object/font.o
 .debug_info    0x0000010a      0x172 ./object/gpio.o
 .debug_info    0x0000027c      0x291 ./object/gpu.o
 .debug_info    0x0000050d       0x56 ./object/i2c.o
 .debug_info    0x00000563      0x28d ./object/interrupt.o
 .debug_info    0x000007f0      0x238 ./object/main.o
 .debug_info    0x00000a28      0x41c ./object/mem_init.o
 .debug_info    0x00000e44       0x53 ./object/random.o
 .debug_info    0x00000e97       0xdf ./object/start.o
 .debug_info    0x00000f76      0x1b5 ./object/stdlib.o
 .debug_info    0x0000112b      0x1d6 ./object/timer.o
 .debug_info    0x00001301      0x280 ./object/uart.o
 .debug_info    0x00001581       0x3b C:\Users\Lenovo\AppData\Local\Temp\cc4H1XJN.o

.debug_abbrev   0x00000000      0x9a6
 .debug_abbrev  0x00000000       0x7e ./object/font.o
 .debug_abbrev  0x0000007e       0xd1 ./object/gpio.o
 .debug_abbrev  0x0000014f      0x114 ./object/gpu.o
 .debug_abbrev  0x00000263       0x26 ./object/i2c.o
 .debug_abbrev  0x00000289       0xea ./object/interrupt.o
 .debug_abbrev  0x00000373       0xed ./object/main.o
 .debug_abbrev  0x00000460      0x1ac ./object/mem_init.o
 .debug_abbrev  0x0000060c       0x4d ./object/random.o
 .debug_abbrev  0x00000659       0xa7 ./object/start.o
 .debug_abbrev  0x00000700       0xdd ./object/stdlib.o
 .debug_abbrev  0x000007dd       0xbc ./object/timer.o
 .debug_abbrev  0x00000899       0xfb ./object/uart.o
 .debug_abbrev  0x00000994       0x12 C:\Users\Lenovo\AppData\Local\Temp\cc4H1XJN.o

.debug_aranges  0x00000000      0x1a0
 .debug_aranges
                0x00000000       0x20 ./object/font.o
 .debug_aranges
                0x00000020       0x20 ./object/gpio.o
 .debug_aranges
                0x00000040       0x20 ./object/gpu.o
 .debug_aranges
                0x00000060       0x18 ./object/i2c.o
 .debug_aranges
                0x00000078       0x20 ./object/interrupt.o
 .debug_aranges
                0x00000098       0x20 ./object/main.o
 .debug_aranges
                0x000000b8       0x20 ./object/mem_init.o
 .debug_aranges
                0x000000d8       0x20 ./object/random.o
 .debug_aranges
                0x000000f8       0x20 ./object/start.o
 .debug_aranges
                0x00000118       0x20 ./object/stdlib.o
 .debug_aranges
                0x00000138       0x20 ./object/timer.o
 .debug_aranges
                0x00000158       0x20 ./object/uart.o
 .debug_aranges
                0x00000178       0x28 C:\Users\Lenovo\AppData\Local\Temp\cc4H1XJN.o

.debug_line     0x00000000      0x642
 .debug_line    0x00000000       0x5c ./object/font.o
 .debug_line    0x0000005c       0xd6 ./object/gpio.o
 .debug_line    0x00000132       0xa4 ./object/gpu.o
 .debug_line    0x000001d6       0x1d ./object/i2c.o
 .debug_line    0x000001f3       0xa1 ./object/interrupt.o
 .debug_line    0x00000294       0x81 ./object/main.o
 .debug_line    0x00000315       0x81 ./object/mem_init.o
 .debug_line    0x00000396       0x50 ./object/random.o
 .debug_line    0x000003e6       0x61 ./object/start.o
 .debug_line    0x00000447       0x75 ./object/stdlib.o
 .debug_line    0x000004bc       0x62 ./object/timer.o
 .debug_line    0x0000051e       0xa7 ./object/uart.o
 .debug_line    0x000005c5       0x7d C:\Users\Lenovo\AppData\Local\Temp\cc4H1XJN.o

.debug_str      0x00000000      0x879
 .debug_str     0x00000000      0x11e ./object/font.o
                                0x14f (size before relaxing)
 .debug_str     0x0000011e       0x95 ./object/gpio.o
                                0x146 (size before relaxing)
 .debug_str     0x000001b3       0xfa ./object/gpu.o
                                0x1f6 (size before relaxing)
 .debug_str     0x000002ad        0xa ./object/i2c.o
                                0x106 (size before relaxing)
 .debug_str     0x000002b7      0x175 ./object/interrupt.o
                                0x283 (size before relaxing)
 .debug_str     0x0000042c       0x41 ./object/main.o
                                0x277 (size before relaxing)
 .debug_str     0x0000046d      0x20e ./object/mem_init.o
                                0x34d (size before relaxing)
 .debug_str     0x0000067b       0x20 ./object/random.o
                                 0xb3 (size before relaxing)
 .debug_str     0x0000069b       0x38 ./object/start.o
                                0x13a (size before relaxing)
 .debug_str     0x000006d3       0x34 ./object/stdlib.o
                                0x13b (size before relaxing)
 .debug_str     0x00000707       0x1f ./object/timer.o
                                0x25f (size before relaxing)
 .debug_str     0x00000726      0x153 ./object/uart.o
                                0x254 (size before relaxing)

.comment        0x00000000       0x70
 .comment       0x00000000       0x70 ./object/font.o
                                 0x71 (size before relaxing)
 .comment       0x00000000       0x71 ./object/gpio.o
 .comment       0x00000000       0x71 ./object/gpu.o
 .comment       0x00000000       0x71 ./object/i2c.o
 .comment       0x00000000       0x71 ./object/interrupt.o
 .comment       0x00000000       0x71 ./object/main.o
 .comment       0x00000000       0x71 ./object/mem_init.o
 .comment       0x00000000       0x71 ./object/random.o
 .comment       0x00000000       0x71 ./object/start.o
 .comment       0x00000000       0x71 ./object/stdlib.o
 .comment       0x00000000       0x71 ./object/timer.o
 .comment       0x00000000       0x71 ./object/uart.o

.ARM.attributes
                0x00000000       0x33
 .ARM.attributes
                0x00000000       0x35 ./object/font.o
 .ARM.attributes
                0x00000035       0x35 ./object/gpio.o
 .ARM.attributes
                0x0000006a       0x35 ./object/gpu.o
 .ARM.attributes
                0x0000009f       0x35 ./object/i2c.o
 .ARM.attributes
                0x000000d4       0x35 ./object/interrupt.o
 .ARM.attributes
                0x00000109       0x35 ./object/main.o
 .ARM.attributes
                0x0000013e       0x35 ./object/mem_init.o
 .ARM.attributes
                0x00000173       0x35 ./object/random.o
 .ARM.attributes
                0x000001a8       0x35 ./object/start.o
 .ARM.attributes
                0x000001dd       0x35 ./object/stdlib.o
 .ARM.attributes
                0x00000212       0x35 ./object/timer.o
 .ARM.attributes
                0x00000247       0x35 ./object/uart.o
 .ARM.attributes
                0x0000027c       0x1f C:\Users\Lenovo\AppData\Local\Temp\cc4H1XJN.o

.debug_frame    0x00000000      0x3e8
 .debug_frame   0x00000000       0x28 ./object/font.o
 .debug_frame   0x00000028       0x70 ./object/gpio.o
 .debug_frame   0x00000098       0x74 ./object/gpu.o
 .debug_frame   0x0000010c       0xb0 ./object/interrupt.o
 .debug_frame   0x000001bc       0x2c ./object/main.o
 .debug_frame   0x000001e8       0x74 ./object/mem_init.o
 .debug_frame   0x0000025c       0x40 ./object/random.o
 .debug_frame   0x0000029c       0x2c ./object/start.o
 .debug_frame   0x000002c8       0x74 ./object/stdlib.o
 .debug_frame   0x0000033c       0x2c ./object/timer.o
 .debug_frame   0x00000368       0x80 ./object/uart.o

.debug_ranges   0x00000000       0x20
 .debug_ranges  0x00000000       0x20 C:\Users\Lenovo\AppData\Local\Temp\cc4H1XJN.o
