
Allocating common symbols
Common symbol       size              file

FrameBufferInfo     0x28              ./object/gpu.o

Memory Configuration

Name             Origin             Length             Attributes
sys              0x00008000         0x00100000
usr              0x01000000         0x00100000
*default*        0x00000000         0xffffffff

Linker script and memory map

                0x00002000                STACK_SIZE = 0x2000

.text.init      0x00008000       0x40
 *(.text.init)
 .text.init     0x00008000       0x40 C:\Users\HP\AppData\Local\Temp\cc5puFG9.o
                0x00008000                _start
                0x00008040                _start_end

.text           0x00008040      0x694
                0x00008040                . = ALIGN (0x4)
 *(.text)
 .text          0x00008040      0x218 ./object/gpu.o
                0x00008040                gpu_Init_GPU
                0x00008108                gpu_SendMail
                0x000081a4                gpu_RecMail
 .text          0x00008258       0x54 ./object/interrupt.o
                0x00008258                _undef
                0x00008264                _swi
                0x00008270                _prefa
                0x0000827c                _dataa
                0x00008288                _unused
                0x00008294                _irq
                0x000082a0                _fiq
 .text          0x000082ac       0x28 ./object/main.o
                0x000082ac                os_main
 .text          0x000082d4       0x24 ./object/mem_init.o
                0x000082d4                memory_init
 .text          0x000082f8       0x98 ./object/print.o
                0x000082f8                GetDefaultFontData
 .text          0x00008390       0x70 ./object/start.o
                0x00008390                _cstartup
 .text          0x00008400      0x2d4 ./object/uart.o
                0x00008400                notmain
                0x00008538                uart_putc
                0x00008584                uart_printstr
                0x000085e4                uart_init
 .text          0x000086d4        0x0 C:\Users\HP\AppData\Local\Temp\cc5puFG9.o

.glue_7         0x000086d4        0x0
 .glue_7        0x00000000        0x0 linker stubs

.glue_7t        0x000086d4        0x0
 .glue_7t       0x00000000        0x0 linker stubs

.vfp11_veneer   0x000086d4        0x0
 .vfp11_veneer  0x00000000        0x0 linker stubs

.v4_bx          0x000086d4        0x0
 .v4_bx         0x00000000        0x0 linker stubs

.iplt           0x000086d4        0x0
 .iplt          0x00000000        0x0 ./object/gpu.o

.init           0x000086d4       0x7c
 .init          0x000086d4       0x7c C:\Users\HP\AppData\Local\Temp\cc5puFG9.o
                0x00008718                reboot
                0x0000871c                halt
                0x00008720                GET32
                0x00008728                PUT32
                0x00008730                _enable_interrupts
                0x00008740                _disable_interrupts

.text.usb       0x00008750        0x0
                0x00008750                . = ALIGN (0x4)
 *.c.o(.text)

.data           0x00008750        0x0
 *(.data)
 .data          0x00008750        0x0 ./object/gpu.o
 .data          0x00008750        0x0 ./object/interrupt.o
 .data          0x00008750        0x0 ./object/main.o
 .data          0x00008750        0x0 ./object/mem_init.o
 .data          0x00008750        0x0 ./object/print.o
 .data          0x00008750        0x0 ./object/start.o
 .data          0x00008750        0x0 ./object/uart.o
 .data          0x00008750        0x0 C:\Users\HP\AppData\Local\Temp\cc5puFG9.o

.igot.plt       0x00008750        0x0
 .igot.plt      0x00000000        0x0 ./object/gpu.o

.rodata         0x00008750     0x1856
                0x00008750                . = ALIGN (0x4)
 *(.rodata)
 .rodata        0x00008750     0x1848 ./object/print.o
 .rodata        0x00009f98        0xe C:\Users\HP\AppData\Local\Temp\cc5puFG9.o
                0x00009fa6                __bss_start = .
                0x00009fa6                __bss_start__ = .

.rel.dyn        0x00009fa8        0x0
 .rel.iplt      0x00000000        0x0 ./object/gpu.o

.bss            0x00009fa8       0x28
 *(.bss .bss.*)
 .bss           0x00009fa8        0x0 ./object/gpu.o
 .bss           0x00009fa8        0x0 ./object/interrupt.o
 .bss           0x00009fa8        0x0 ./object/main.o
 .bss           0x00009fa8        0x0 ./object/mem_init.o
 .bss           0x00009fa8        0x0 ./object/print.o
 .bss           0x00009fa8        0x0 ./object/start.o
 .bss           0x00009fa8        0x0 ./object/uart.o
 .bss           0x00009fa8        0x0 C:\Users\HP\AppData\Local\Temp\cc5puFG9.o
                0x00009fa8                . = ALIGN ((. != 0x0)?0x4:0x1)
 COMMON         0x00009fa8       0x28 ./object/gpu.o
                0x00009fa8                FrameBufferInfo
                0x00009fd0                _bss_end__ = .
                0x00009fd0                __bss_end__ = .
                0x00009fd0                . = ALIGN (0x4)
                0x00009fd0                _edata = .
                0x00009fd0                PROVIDE (edata, .)
                0x0000a000                _KERNEL_HEAP = ALIGN (0x40)
LOAD ./object/gpu.o
LOAD ./object/interrupt.o
LOAD ./object/main.o
LOAD ./object/mem_init.o
LOAD ./object/print.o
LOAD ./object/start.o
LOAD ./object/uart.o
LOAD C:\Users\HP\AppData\Local\Temp\cc5puFG9.o
START GROUP
LOAD e:/arm-gcc/bin/../lib/gcc/arm-none-eabi/4.8.4/fpu\libgcc.a
LOAD e:/arm-gcc/bin/../lib/gcc/arm-none-eabi/4.8.4/../../../../arm-none-eabi/lib/fpu\libg.a
LOAD e:/arm-gcc/bin/../lib/gcc/arm-none-eabi/4.8.4/../../../../arm-none-eabi/lib/fpu\libc.a
END GROUP
OUTPUT(kernel.elf elf32-littlearm)

.debug_info     0x00000000      0x858
 .debug_info    0x00000000      0x217 ./object/gpu.o
 .debug_info    0x00000217       0xa4 ./object/interrupt.o
 .debug_info    0x000002bb       0xb7 ./object/main.o
 .debug_info    0x00000372       0xa3 ./object/mem_init.o
 .debug_info    0x00000415      0x10a ./object/print.o
 .debug_info    0x0000051f       0xe6 ./object/start.o
 .debug_info    0x00000605      0x218 ./object/uart.o
 .debug_info    0x0000081d       0x3b C:\Users\HP\AppData\Local\Temp\cc5puFG9.o

.debug_abbrev   0x00000000      0x409
 .debug_abbrev  0x00000000       0xdb ./object/gpu.o
 .debug_abbrev  0x000000db       0x37 ./object/interrupt.o
 .debug_abbrev  0x00000112       0x83 ./object/main.o
 .debug_abbrev  0x00000195       0x74 ./object/mem_init.o
 .debug_abbrev  0x00000209       0x7e ./object/print.o
 .debug_abbrev  0x00000287       0xa7 ./object/start.o
 .debug_abbrev  0x0000032e       0xc9 ./object/uart.o
 .debug_abbrev  0x000003f7       0x12 C:\Users\HP\AppData\Local\Temp\cc5puFG9.o

.debug_aranges  0x00000000      0x108
 .debug_aranges
                0x00000000       0x20 ./object/gpu.o
 .debug_aranges
                0x00000020       0x20 ./object/interrupt.o
 .debug_aranges
                0x00000040       0x20 ./object/main.o
 .debug_aranges
                0x00000060       0x20 ./object/mem_init.o
 .debug_aranges
                0x00000080       0x20 ./object/print.o
 .debug_aranges
                0x000000a0       0x20 ./object/start.o
 .debug_aranges
                0x000000c0       0x20 ./object/uart.o
 .debug_aranges
                0x000000e0       0x28 C:\Users\HP\AppData\Local\Temp\cc5puFG9.o

.debug_line     0x00000000      0x375
 .debug_line    0x00000000       0x93 ./object/gpu.o
 .debug_line    0x00000093       0x68 ./object/interrupt.o
 .debug_line    0x000000fb       0x51 ./object/main.o
 .debug_line    0x0000014c       0x55 ./object/mem_init.o
 .debug_line    0x000001a1       0x5d ./object/print.o
 .debug_line    0x000001fe       0x5d ./object/start.o
 .debug_line    0x0000025b       0xa9 ./object/uart.o
 .debug_line    0x00000304       0x71 C:\Users\HP\AppData\Local\Temp\cc5puFG9.o

.debug_str      0x00000000      0x435
 .debug_str     0x00000000      0x1b3 ./object/gpu.o
                                0x1d1 (size before relaxing)
 .debug_str     0x000001b3       0x3c ./object/interrupt.o
                                 0xdc (size before relaxing)
 .debug_str     0x000001ef       0x25 ./object/main.o
                                0x126 (size before relaxing)
 .debug_str     0x00000214       0x16 ./object/mem_init.o
                                0x129 (size before relaxing)
 .debug_str     0x0000022a       0x8c ./object/print.o
                                0x150 (size before relaxing)
 .debug_str     0x000002b6       0x38 ./object/start.o
                                0x13f (size before relaxing)
 .debug_str     0x000002ee      0x147 ./object/uart.o
                                0x248 (size before relaxing)

.comment        0x00000000       0x70
 .comment       0x00000000       0x70 ./object/gpu.o
                                 0x71 (size before relaxing)
 .comment       0x00000000       0x71 ./object/interrupt.o
 .comment       0x00000000       0x71 ./object/main.o
 .comment       0x00000000       0x71 ./object/mem_init.o
 .comment       0x00000000       0x71 ./object/print.o
 .comment       0x00000000       0x71 ./object/start.o
 .comment       0x00000000       0x71 ./object/uart.o

.ARM.attributes
                0x00000000       0x33
 .ARM.attributes
                0x00000000       0x35 ./object/gpu.o
 .ARM.attributes
                0x00000035       0x35 ./object/interrupt.o
 .ARM.attributes
                0x0000006a       0x35 ./object/main.o
 .ARM.attributes
                0x0000009f       0x35 ./object/mem_init.o
 .ARM.attributes
                0x000000d4       0x35 ./object/print.o
 .ARM.attributes
                0x00000109       0x35 ./object/start.o
 .ARM.attributes
                0x0000013e       0x35 ./object/uart.o
 .ARM.attributes
                0x00000173       0x1f C:\Users\HP\AppData\Local\Temp\cc5puFG9.o

.debug_frame    0x00000000      0x23c
 .debug_frame   0x00000000       0x5c ./object/gpu.o
 .debug_frame   0x0000005c       0xb8 ./object/interrupt.o
 .debug_frame   0x00000114       0x2c ./object/main.o
 .debug_frame   0x00000140       0x28 ./object/mem_init.o
 .debug_frame   0x00000168       0x28 ./object/print.o
 .debug_frame   0x00000190       0x2c ./object/start.o
 .debug_frame   0x000001bc       0x80 ./object/uart.o

.debug_ranges   0x00000000       0x20
 .debug_ranges  0x00000000       0x20 C:\Users\HP\AppData\Local\Temp\cc5puFG9.o
